PASS  the notice is gated on !isNativeApp()
PASS  the notice is gated on the first-run guide being finished (state.tourStep == null)
PASS  the notice waits for prefs to load, so it cannot flash before browserNoticeSeen is known
PASS  dismissal writes browserNoticeSeen to on-device prefs
PASS  the prefs subscriber reads browserNoticeSeen back into state
PASS  browserNoticeSeen has an initial value in state (undefined would be a silent falsy)
PASS  iPad-on-desktop-UA is detected via maxTouchPoints, not the UA string alone
PASS  installed-PWA detection checks BOTH display-mode and iOS navigator.standalone
PASS  manifest no longer describes the app as chemo-only  |  Track medications, doses and symptoms through cancer treatment — all data stays on your device
PASS  manifest still states the on-device promise
PASS  manifest short_name is short enough for a Home Screen label  |  ChemoWell
PASS  [360px] the first-run guide is showing, and the notice is not on top of it  |  guide up
PASS  [360px] the notice appears on Home after the guide  |  ChemoWell | BETA | Test Patient’s Meds | Thursday, Aug 13 | BETA DATE CONTROLS | ▼ | You’re using the web preview | Everything works. 
PASS  [360px] it names the Home Screen step, which is the data-loss one
PASS  [360px] it says reminders need the page open
PASS  [360px] it says exports download rather than sharing
PASS  [360px] it repeats the on-device promise
PASS  [360px] no horizontal overflow with the notice on screen  |  overflow=0px
PASS  [360px] the non-iOS install wording is the branch that rendered  |  Open your browser menu, then Add to Home screen.
PASS  [360px] S4 the Safari-specific reason is NOT shown to a non-iOS tester
PASS  [360px] M1 the notice card is found for measurement  |  {"h":548,"col":291,"vh":800}
PASS  [360px] M1 the card is under 620px tall (was 919 at 360, 1122 at 320)  |  548px, viewport 800
PASS  [360px] M1 body copy runs the full card width (was a 207px column)  |  291px column
PASS  [360px] all three notice controls exist  |  [{"l":"Got it","h":44,"w":77,"found":true},{"l":"More about the web version","h":44,"w":242,"found":true},{"l":"Dismiss","h":28,"w":28,"found":true}]
FAIL  [360px] M2 every control including the ✕ meets the 44px floor  |  [{"l":"Got it","h":44,"w":77,"found":true},{"l":"More about the web version","h":44,"w":242,"found":true},{"l":"Dismiss","h":28,"w":28,"found":true}]
PASS  [360px] S3 read-more deep-links to rem-web-vs-app, not the Help landing  |  ChemoWell | BETA | Test Patient’s Meds | Thursday, Aug 13 | BETA DATE CONTROLS | ▼ | Reminders & notifications | REMINDERS &
PASS  [360px] S3 the deep-linked page carries the 7-day detail moved out of the card
PASS  [360px] the deep-linked walkthrough shows its category as the eyebrow
PASS  [360px] S3 reading more did NOT dismiss the notice  |  ChemoWell | BETA | Test Patient’s Meds | Thursday, Aug 13 | BETA DATE CONTROLS | ▼ | You’re using the web preview | Everythi
PASS  [360px] "Got it" then dismisses it
PASS  [360px] S2 dismissing returns the viewport to the top of Home  |  scrollY=0
PASS  [360px] reloaded, back on Home, the notice does not come back  |  ChemoWell | BETA | Test Patient’s Meds | Thursday, Aug 13 | BETA DATE CONTROLS | ▼ | TEMPERATURE | No readings yet
PASS  [360px] no app console errors through the whole flow (CDN/proxy noise excluded)
PASS  [390px] the first-run guide is showing, and the notice is not on top of it  |  guide up
PASS  [390px] the notice appears on Home after the guide  |  ChemoWell | BETA | Test Patient’s Meds | Thursday, Aug 13 | BETA DATE CONTROLS | ▼ | You’re using the web preview | Everything works. 
PASS  [390px] it names the Home Screen step, which is the data-loss one
PASS  [390px] it says reminders need the page open
PASS  [390px] it says exports download rather than sharing
PASS  [390px] it repeats the on-device promise
PASS  [390px] no horizontal overflow with the notice on screen  |  overflow=0px
PASS  [390px] the non-iOS install wording is the branch that rendered  |  Open your browser menu, then Add to Home screen.
PASS  [390px] S4 the Safari-specific reason is NOT shown to a non-iOS tester
PASS  [390px] M1 the notice card is found for measurement  |  {"h":528,"col":321,"vh":844}
PASS  [390px] M1 the card is under 620px tall (was 919 at 360, 1122 at 320)  |  528px, viewport 844
PASS  [390px] M1 body copy runs the full card width (was a 207px column)  |  321px column
PASS  [390px] all three notice controls exist  |  [{"l":"Got it","h":44,"w":77,"found":true},{"l":"More about the web version","h":44,"w":242,"found":true},{"l":"Dismiss","h":28,"w":28,"found":true}]
FAIL  [390px] M2 every control including the ✕ meets the 44px floor  |  [{"l":"Got it","h":44,"w":77,"found":true},{"l":"More about the web version","h":44,"w":242,"found":true},{"l":"Dismiss","h":28,"w":28,"found":true}]
PASS  [390px] S3 read-more deep-links to rem-web-vs-app, not the Help landing  |  ChemoWell | BETA | Test Patient’s Meds | Thursday, Aug 13 | BETA DATE CONTROLS | ▼ | Reminders & notifications | REMINDERS &
PASS  [390px] S3 the deep-linked page carries the 7-day detail moved out of the card
PASS  [390px] the deep-linked walkthrough shows its category as the eyebrow
PASS  [390px] S3 reading more did NOT dismiss the notice  |  ChemoWell | BETA | Test Patient’s Meds | Thursday, Aug 13 | BETA DATE CONTROLS | ▼ | You’re using the web preview | Everythi
PASS  [390px] "Got it" then dismisses it
PASS  [390px] S2 dismissing returns the viewport to the top of Home  |  scrollY=0
PASS  [390px] reloaded, back on Home, the notice does not come back  |  ChemoWell | BETA | Test Patient’s Meds | Thursday, Aug 13 | BETA DATE CONTROLS | ▼ | TEMPERATURE | No readings yet
PASS  [390px] no app console errors through the whole flow (CDN/proxy noise excluded)
PASS  [X path] the notice is showing before the X is tapped
PASS  [X path] the X dismisses the notice
PASS  [X path] it stays dismissed after a reload
PASS  [Got it path] "Got it" dismisses the notice
PASS  [Got it path] it stays dismissed after a reload
PASS  [Got it path] Home still renders its journal section after dismissal  |  ChemoWell | BETA | Test Patient’s Meds | Thursday, Aug 13 | BETA DATE CONTROLS | ▼ | TEMPERATURE | No readings yet | Log | WEIGHT | No readings yet | Log | BLOOD PR
PASS  V57-1 ["she collapsed"] the care-team sentence is on screen  |  ChemoWell | BETA | Test Patient’s Meds | Thursday, Aug 13 | BETA DATE CONTROLS | ▼ | HELP & FAQ | Search
PASS  V57-1 ["she collapsed"] the one-tap route to the care-team page is on screen
PASS  V57-1 ["she is coughing up blood"] the care-team sentence is on screen  |  ChemoWell | BETA | Test Patient’s Meds | Thursday, Aug 13 | BETA DATE CONTROLS | ▼ | HELP & FAQ | Search
PASS  V57-1 ["she is coughing up blood"] the one-tap route to the care-team page is on screen
PASS  V57-1 ["export to excel"] the care-team sentence is on screen  |  ChemoWell | BETA | Test Patient’s Meds | Thursday, Aug 13 | BETA DATE CONTROLS | ▼ | HELP & FAQ | Search
PASS  V57-1 ["export to excel"] the one-tap route to the care-team page is on screen
PASS  V57-1 ["zzzqqqwww"] the care-team sentence is on screen  |  ChemoWell | BETA | Test Patient’s Meds | Thursday, Aug 13 | BETA DATE CONTROLS | ▼ | HELP & FAQ | Search
PASS  V57-1 ["zzzqqqwww"] the one-tap route to the care-team page is on screen
PASS  V57-1 the strip sits above the first result row  |  {"strip":413,"row":610}
PASS  V57-1 the route lands on sym-severe  |  ChemoWell | BETA | Test Patient’s Meds | Thursday, Aug 13 | BETA DATE CONTROLS | ▼ | Search results | SYMPTOMS & REACTIONS | T
PASS  V57-1 sym-severe still opens with the call-now heading
PASS  V57-1 a capped result set reports the true total  |  The closest 12 of 19 matches
PASS  S8 the side-effects page uses the calm "Ask your care team" heading  |  ChemoWell | BETA | Test Patient’s Meds | Thursday, Aug 13 | BETA DATE CONTROLS | ▼ | Search results | SYMPTOMS & REACTIONS | S
PASS  S8 the calm callout is actually rendered (a missing one must not pass this)  |  rgb(181, 118, 30)
PASS  S8 its callout is the amber attention tone, not the urgent red  |  rgb(181, 118, 30)
PASS  V57-1 no page errors through the whole search flow
PASS  the installed-PWA branch has its own headline, not the instruction  |  Your log is safe on this device
PASS  S5 the installed branch has its own title
PASS  S5 the installed branch says TWO things differ, not three
PASS  M3 the toast lifts clear of the pill on the Reports detail only
PASS  M3 the pill itself is unchanged at 88px (only the toast moves -- toast height varies)

2 FAILURES
