PASS  the notice is gated on !isNativeApp()
PASS  the notice is gated on the first-run guide being finished (state.tourStep == null)
PASS  the notice waits for prefs to load, so it cannot flash before browserNoticeSeen is known
PASS  dismissal writes browserNoticeSeen to on-device prefs
PASS  the prefs subscriber reads browserNoticeSeen back into state
PASS  browserNoticeSeen has an initial value in state (undefined would be a silent falsy)
PASS  iPad-on-desktop-UA is detected via maxTouchPoints, not the UA string alone
PASS  installed-PWA detection checks BOTH display-mode and iOS navigator.standalone
PASS  manifest no longer describes the app as chemo-only  |  Track medications, doses and symptoms through cancer treatment — all data stays on your device
PASS  manifest still states the on-device promise
PASS  manifest short_name is short enough for a Home Screen label  |  ChemoWell
PASS  [360px] the first-run guide is showing, and the notice is not on top of it  |  guide up
PASS  [360px] the notice appears on Home after the guide  |  ChemoWell | BETA | Test Patient’s Meds | Thursday, Aug 13 | BETA DATE CONTROLS | ▼ | You’re using the web preview | Everything works. 
PASS  [360px] it names the Home Screen step, which is the data-loss one
PASS  [360px] it says reminders need the page open
PASS  [360px] it says exports download rather than sharing
PASS  [360px] it repeats the on-device promise
PASS  [360px] no horizontal overflow with the notice on screen  |  overflow=0px
PASS  [360px] the non-iOS install wording is the branch that rendered  |  Open your browser menu, then Add to Home screen.
PASS  [360px] S4 the Safari-specific reason is NOT shown to a non-iOS tester
PASS  [360px] M1 the notice card is found for measurement  |  {"h":548,"col":291,"vh":800}
PASS  [360px] M1 the card is under 620px tall (was 919 at 360, 1122 at 320)  |  548px, viewport 800
PASS  [360px] M1 body copy runs the full card width (was a 207px column)  |  291px column
PASS  [360px] all three notice controls exist  |  [{"l":"Got it","h":44,"w":77,"found":true},{"l":"More about the web version","h":44,"w":242,"found":true},{"l":"Dismiss","h":44,"w":44,"found":true}]
PASS  [360px] M2 every control including the ✕ meets the 44px floor  |  [{"l":"Got it","h":44,"w":77,"found":true},{"l":"More about the web version","h":44,"w":242,"found":true},{"l":"Dismiss","h":44,"w":44,"found":true}]
FAIL  [360px] S3 read-more deep-links to rem-web-vs-app, not the Help landing  |  ChemoWell | BETA | Test Patient’s Meds | Thursday, Aug 13 | BETA DATE CONTROLS | ▼ | HELP & FAQ | Find and fix a problem | Pic
FAIL  [360px] S3 the deep-linked page carries the 7-day detail moved out of the card
PASS  [360px] the deep-linked walkthrough shows its category as the eyebrow
FAIL  [360px] S3 reading more did NOT dismiss the notice  |  ChemoWell | BETA | Test Patient’s Meds | Thursday, Aug 13 | BETA DATE CONTROLS | ▼ | TEMPERATURE | No readings yet | Log | WEIGH
node:internal/modules/run_main:123
    triggerUncaughtException(
    ^

locator.click: Timeout 30000ms exceeded.
Call log:
[2m  - waiting for getByRole('button', { name: 'Got it' }).first()[22m

    at /tmp/mut2/test/v57-browser-notice.mjs:166:62 {
  name: 'TimeoutError'
}

Node.js v22.22.2
