  the index lists 26 letter page(s)
  drug_Aa.html: 433 medication(s)
  drug_Ba.html: 195 medication(s)
  drug_Ca.html: 250 medication(s)
  drug_Da.html: 177 medication(s)
  drug_Ea.html: 149 medication(s)
  drug_Fa.html: 82 medication(s)
  drug_Ga.html: 50 medication(s)
  drug_Ha.html: 31 medication(s)
  drug_Ia.html: 73 medication(s)
  drug_Ja.html: 11 medication(s)
  drug_Ka.html: 29 medication(s)
  drug_La.html: 96 medication(s)
  drug_Ma.html: 106 medication(s)
  drug_Na.html: 64 medication(s)
  drug_Oa.html: 55 medication(s)
  drug_Pa.html: 72 medication(s)
  drug_Qa.html: 9 medication(s)
  drug_Ra.html: 46 medication(s)
  drug_Sa.html: 40 medication(s)
  drug_Ta.html: 53 medication(s)
  drug_Ua.html: 3 medication(s)
  drug_Va.html: 22 medication(s)
  drug_Wa.html: 0 medication(s)
  drug_Xa.html: 0 medication(s)
  drug_Ya.html: 1 medication(s)
  drug_Za.html: 10 medication(s)
  2057 medication name(s) known to MedlinePlus
resolved 46 page address(es) from the A-Z index
  no page found for: advil, ativan, benadryl, bevacizumab, buspar, carboplatin, cisplatin, colace, compazine, cyanocobalamin, cytarabine, darbepoetin alfa, decadron, docetaxel, docusate, epoetin alfa, ferrous sulfate, filgrastim, fluorouracil, gemcitabine, ifosfamide, imodium, irinotecan, iron, lidocaine, lidoderm, miralax, motrin, ms contin, neulasta, neupogen, neurontin, nivolumab, norco, oxaliplatin, oxycontin, paclitaxel, palonosetron, paracetamol, paxil, pegfilgrastim, pembrolizumab, pemetrexed, pepcid, percocet, phenergan, polyethylene glycol, prilosec, protonix, reglan, rituximab, roxicodone, scopolamine, sennosides, senokot, trastuzumab, tylenol, tylenol liquid, tylenol pm, ultram, vicodin, vincristine, vinorelbine, xylocaine, zofran, zoloft, zyloprim
fetched 46 of 113, failed 67
  FAILED  advil -- no page on MedlinePlus under that exact name
  FAILED  ativan -- no page on MedlinePlus under that exact name
  FAILED  benadryl -- no page on MedlinePlus under that exact name
  FAILED  bevacizumab -- no page on MedlinePlus under that exact name
  FAILED  buspar -- no page on MedlinePlus under that exact name
  FAILED  carboplatin -- no page on MedlinePlus under that exact name
  FAILED  cisplatin -- no page on MedlinePlus under that exact name
  FAILED  colace -- no page on MedlinePlus under that exact name
  FAILED  compazine -- no page on MedlinePlus under that exact name
  FAILED  cyanocobalamin -- no page on MedlinePlus under that exact name
  FAILED  cytarabine -- no page on MedlinePlus under that exact name
  FAILED  darbepoetin alfa -- no page on MedlinePlus under that exact name
  FAILED  decadron -- no page on MedlinePlus under that exact name
  FAILED  docetaxel -- no page on MedlinePlus under that exact name
  FAILED  docusate -- no page on MedlinePlus under that exact name
  FAILED  epoetin alfa -- no page on MedlinePlus under that exact name
  FAILED  ferrous sulfate -- no page on MedlinePlus under that exact name
  FAILED  filgrastim -- no page on MedlinePlus under that exact name
  FAILED  fluorouracil -- no page on MedlinePlus under that exact name
  FAILED  gemcitabine -- no page on MedlinePlus under that exact name
  FAILED  ifosfamide -- no page on MedlinePlus under that exact name
  FAILED  imodium -- no page on MedlinePlus under that exact name
  FAILED  irinotecan -- no page on MedlinePlus under that exact name
  FAILED  iron -- no page on MedlinePlus under that exact name
  FAILED  lidocaine -- no page on MedlinePlus under that exact name
  FAILED  lidoderm -- no page on MedlinePlus under that exact name
  FAILED  miralax -- no page on MedlinePlus under that exact name
  FAILED  motrin -- no page on MedlinePlus under that exact name
  FAILED  ms contin -- no page on MedlinePlus under that exact name
  FAILED  neulasta -- no page on MedlinePlus under that exact name
  FAILED  neupogen -- no page on MedlinePlus under that exact name
  FAILED  neurontin -- no page on MedlinePlus under that exact name
  FAILED  nivolumab -- no page on MedlinePlus under that exact name
  FAILED  norco -- no page on MedlinePlus under that exact name
  FAILED  oxaliplatin -- no page on MedlinePlus under that exact name
  FAILED  oxycontin -- no page on MedlinePlus under that exact name
  FAILED  paclitaxel -- no page on MedlinePlus under that exact name
  FAILED  palonosetron -- no page on MedlinePlus under that exact name
  FAILED  paracetamol -- no page on MedlinePlus under that exact name
  FAILED  paxil -- no page on MedlinePlus under that exact name
  FAILED  pegfilgrastim -- no page on MedlinePlus under that exact name
  FAILED  pembrolizumab -- no page on MedlinePlus under that exact name
  FAILED  pemetrexed -- no page on MedlinePlus under that exact name
  FAILED  pepcid -- no page on MedlinePlus under that exact name
  FAILED  percocet -- no page on MedlinePlus under that exact name
  FAILED  phenergan -- no page on MedlinePlus under that exact name
  FAILED  polyethylene glycol -- no page on MedlinePlus under that exact name
  FAILED  prilosec -- no page on MedlinePlus under that exact name
  FAILED  protonix -- no page on MedlinePlus under that exact name
  FAILED  reglan -- no page on MedlinePlus under that exact name
  FAILED  rituximab -- no page on MedlinePlus under that exact name
  FAILED  roxicodone -- no page on MedlinePlus under that exact name
  FAILED  scopolamine -- no page on MedlinePlus under that exact name
  FAILED  sennosides -- no page on MedlinePlus under that exact name
  FAILED  senokot -- no page on MedlinePlus under that exact name
  FAILED  trastuzumab -- no page on MedlinePlus under that exact name
  FAILED  tylenol -- no page on MedlinePlus under that exact name
  FAILED  tylenol liquid -- no page on MedlinePlus under that exact name
  FAILED  tylenol pm -- no page on MedlinePlus under that exact name
  FAILED  ultram -- no page on MedlinePlus under that exact name
  FAILED  vicodin -- no page on MedlinePlus under that exact name
  FAILED  vincristine -- no page on MedlinePlus under that exact name
  FAILED  vinorelbine -- no page on MedlinePlus under that exact name
  FAILED  xylocaine -- no page on MedlinePlus under that exact name
  FAILED  zofran -- no page on MedlinePlus under that exact name
  FAILED  zoloft -- no page on MedlinePlus under that exact name
  FAILED  zyloprim -- no page on MedlinePlus under that exact name
pages fetched: 46
